// Jest Snapshot v1, https://goo.gl/fbAQLP

exports[`changes button text on click 1`] = `
<div>
  <button
    class="sc-bdVaJa jsQcCM"
  />
</div>
`;
